------------------------------------------------------------
TimeQuest Timing Analyzer Summary
------------------------------------------------------------

Type  : Slow 1100mV 85C Model Setup 'din_a'
Slack : -8.205
TNS   : -565.151

Type  : Slow 1100mV 85C Model Setup 'u0|pll_0|altera_pll_i|general[0].gpll~PLL_OUTPUT_COUNTER|divclk'
Slack : -7.497
TNS   : -310.623

Type  : Slow 1100mV 85C Model Setup 'FPGA_CLK1_50'
Slack : 0.612
TNS   : 0.000

Type  : Slow 1100mV 85C Model Hold 'din_a'
Slack : 0.215
TNS   : 0.000

Type  : Slow 1100mV 85C Model Hold 'FPGA_CLK1_50'
Slack : 0.228
TNS   : 0.000

Type  : Slow 1100mV 85C Model Hold 'u0|pll_0|altera_pll_i|general[0].gpll~PLL_OUTPUT_COUNTER|divclk'
Slack : 0.336
TNS   : 0.000

Type  : Slow 1100mV 85C Model Recovery 'din_a'
Slack : -7.137
TNS   : -546.498

Type  : Slow 1100mV 85C Model Recovery 'u0|pll_0|altera_pll_i|general[0].gpll~PLL_OUTPUT_COUNTER|divclk'
Slack : -5.061
TNS   : -391.154

Type  : Slow 1100mV 85C Model Recovery 'FPGA_CLK1_50'
Slack : 15.140
TNS   : 0.000

Type  : Slow 1100mV 85C Model Removal 'FPGA_CLK1_50'
Slack : 0.815
TNS   : 0.000

Type  : Slow 1100mV 85C Model Removal 'u0|pll_0|altera_pll_i|general[0].gpll~PLL_OUTPUT_COUNTER|divclk'
Slack : 1.087
TNS   : 0.000

Type  : Slow 1100mV 85C Model Removal 'din_a'
Slack : 1.550
TNS   : 0.000

Type  : Slow 1100mV 85C Model Minimum Pulse Width 'u0|pll_0|altera_pll_i|general[0].gpll~FRACTIONAL_PLL|vcoph[0]'
Slack : 1.250
TNS   : 0.000

Type  : Slow 1100mV 85C Model Minimum Pulse Width 'u0|pll_0|altera_pll_i|general[0].gpll~PLL_OUTPUT_COUNTER|divclk'
Slack : 1.263
TNS   : 0.000

Type  : Slow 1100mV 85C Model Minimum Pulse Width 'din_a'
Slack : 1.718
TNS   : 0.000

Type  : Slow 1100mV 85C Model Minimum Pulse Width 'FPGA_CLK1_50'
Slack : 9.374
TNS   : 0.000

Type  : Slow 1100mV 0C Model Setup 'din_a'
Slack : -7.764
TNS   : -534.498

Type  : Slow 1100mV 0C Model Setup 'u0|pll_0|altera_pll_i|general[0].gpll~PLL_OUTPUT_COUNTER|divclk'
Slack : -7.304
TNS   : -299.846

Type  : Slow 1100mV 0C Model Setup 'FPGA_CLK1_50'
Slack : 0.829
TNS   : 0.000

Type  : Slow 1100mV 0C Model Hold 'FPGA_CLK1_50'
Slack : 0.236
TNS   : 0.000

Type  : Slow 1100mV 0C Model Hold 'din_a'
Slack : 0.278
TNS   : 0.000

Type  : Slow 1100mV 0C Model Hold 'u0|pll_0|altera_pll_i|general[0].gpll~PLL_OUTPUT_COUNTER|divclk'
Slack : 0.315
TNS   : 0.000

Type  : Slow 1100mV 0C Model Recovery 'din_a'
Slack : -6.684
TNS   : -512.546

Type  : Slow 1100mV 0C Model Recovery 'u0|pll_0|altera_pll_i|general[0].gpll~PLL_OUTPUT_COUNTER|divclk'
Slack : -4.520
TNS   : -344.529

Type  : Slow 1100mV 0C Model Recovery 'FPGA_CLK1_50'
Slack : 15.384
TNS   : 0.000

Type  : Slow 1100mV 0C Model Removal 'FPGA_CLK1_50'
Slack : 0.757
TNS   : 0.000

Type  : Slow 1100mV 0C Model Removal 'u0|pll_0|altera_pll_i|general[0].gpll~PLL_OUTPUT_COUNTER|divclk'
Slack : 0.989
TNS   : 0.000

Type  : Slow 1100mV 0C Model Removal 'din_a'
Slack : 1.476
TNS   : 0.000

Type  : Slow 1100mV 0C Model Minimum Pulse Width 'u0|pll_0|altera_pll_i|general[0].gpll~PLL_OUTPUT_COUNTER|divclk'
Slack : 1.220
TNS   : 0.000

Type  : Slow 1100mV 0C Model Minimum Pulse Width 'u0|pll_0|altera_pll_i|general[0].gpll~FRACTIONAL_PLL|vcoph[0]'
Slack : 1.250
TNS   : 0.000

Type  : Slow 1100mV 0C Model Minimum Pulse Width 'din_a'
Slack : 1.747
TNS   : 0.000

Type  : Slow 1100mV 0C Model Minimum Pulse Width 'FPGA_CLK1_50'
Slack : 9.286
TNS   : 0.000

Type  : Fast 1100mV 85C Model Setup 'din_a'
Slack : -5.625
TNS   : -387.104

Type  : Fast 1100mV 85C Model Setup 'u0|pll_0|altera_pll_i|general[0].gpll~PLL_OUTPUT_COUNTER|divclk'
Slack : -4.478
TNS   : -185.186

Type  : Fast 1100mV 85C Model Setup 'FPGA_CLK1_50'
Slack : 2.103
TNS   : 0.000

Type  : Fast 1100mV 85C Model Hold 'FPGA_CLK1_50'
Slack : 0.137
TNS   : 0.000

Type  : Fast 1100mV 85C Model Hold 'din_a'
Slack : 0.138
TNS   : 0.000

Type  : Fast 1100mV 85C Model Hold 'u0|pll_0|altera_pll_i|general[0].gpll~PLL_OUTPUT_COUNTER|divclk'
Slack : 0.176
TNS   : 0.000

Type  : Fast 1100mV 85C Model Recovery 'din_a'
Slack : -4.596
TNS   : -350.788

Type  : Fast 1100mV 85C Model Recovery 'u0|pll_0|altera_pll_i|general[0].gpll~PLL_OUTPUT_COUNTER|divclk'
Slack : -1.745
TNS   : -123.563

Type  : Fast 1100mV 85C Model Recovery 'FPGA_CLK1_50'
Slack : 16.702
TNS   : 0.000

Type  : Fast 1100mV 85C Model Removal 'FPGA_CLK1_50'
Slack : 0.467
TNS   : 0.000

Type  : Fast 1100mV 85C Model Removal 'u0|pll_0|altera_pll_i|general[0].gpll~PLL_OUTPUT_COUNTER|divclk'
Slack : 0.623
TNS   : 0.000

Type  : Fast 1100mV 85C Model Removal 'din_a'
Slack : 1.239
TNS   : 0.000

Type  : Fast 1100mV 85C Model Minimum Pulse Width 'u0|pll_0|altera_pll_i|general[0].gpll~FRACTIONAL_PLL|vcoph[0]'
Slack : 1.250
TNS   : 0.000

Type  : Fast 1100mV 85C Model Minimum Pulse Width 'u0|pll_0|altera_pll_i|general[0].gpll~PLL_OUTPUT_COUNTER|divclk'
Slack : 1.364
TNS   : 0.000

Type  : Fast 1100mV 85C Model Minimum Pulse Width 'din_a'
Slack : 1.888
TNS   : 0.000

Type  : Fast 1100mV 85C Model Minimum Pulse Width 'FPGA_CLK1_50'
Slack : 9.410
TNS   : 0.000

Type  : Fast 1100mV 0C Model Setup 'din_a'
Slack : -4.715
TNS   : -323.658

Type  : Fast 1100mV 0C Model Setup 'u0|pll_0|altera_pll_i|general[0].gpll~PLL_OUTPUT_COUNTER|divclk'
Slack : -4.228
TNS   : -175.966

Type  : Fast 1100mV 0C Model Setup 'FPGA_CLK1_50'
Slack : 2.563
TNS   : 0.000

Type  : Fast 1100mV 0C Model Hold 'FPGA_CLK1_50'
Slack : -0.022
TNS   : -0.056

Type  : Fast 1100mV 0C Model Hold 'din_a'
Slack : 0.138
TNS   : 0.000

Type  : Fast 1100mV 0C Model Hold 'u0|pll_0|altera_pll_i|general[0].gpll~PLL_OUTPUT_COUNTER|divclk'
Slack : 0.167
TNS   : 0.000

Type  : Fast 1100mV 0C Model Recovery 'din_a'
Slack : -3.870
TNS   : -293.969

Type  : Fast 1100mV 0C Model Recovery 'u0|pll_0|altera_pll_i|general[0].gpll~PLL_OUTPUT_COUNTER|divclk'
Slack : -0.892
TNS   : -60.689

Type  : Fast 1100mV 0C Model Recovery 'FPGA_CLK1_50'
Slack : 17.111
TNS   : 0.000

Type  : Fast 1100mV 0C Model Removal 'FPGA_CLK1_50'
Slack : 0.420
TNS   : 0.000

Type  : Fast 1100mV 0C Model Removal 'u0|pll_0|altera_pll_i|general[0].gpll~PLL_OUTPUT_COUNTER|divclk'
Slack : 0.548
TNS   : 0.000

Type  : Fast 1100mV 0C Model Removal 'din_a'
Slack : 0.829
TNS   : 0.000

Type  : Fast 1100mV 0C Model Minimum Pulse Width 'u0|pll_0|altera_pll_i|general[0].gpll~FRACTIONAL_PLL|vcoph[0]'
Slack : 1.250
TNS   : 0.000

Type  : Fast 1100mV 0C Model Minimum Pulse Width 'u0|pll_0|altera_pll_i|general[0].gpll~PLL_OUTPUT_COUNTER|divclk'
Slack : 1.364
TNS   : 0.000

Type  : Fast 1100mV 0C Model Minimum Pulse Width 'din_a'
Slack : 1.919
TNS   : 0.000

Type  : Fast 1100mV 0C Model Minimum Pulse Width 'FPGA_CLK1_50'
Slack : 9.412
TNS   : 0.000

------------------------------------------------------------
