------------------------------------------------------------
TimeQuest Timing Analyzer Summary
------------------------------------------------------------

Type  : Slow 1100mV 85C Model Setup 'din_a'
Slack : -2.615
TNS   : -123.729

Type  : Slow 1100mV 85C Model Setup 'CLK_SPW'
Slack : -1.494
TNS   : -44.055

Type  : Slow 1100mV 85C Model Setup 'FPGA_CLK1_50'
Slack : 1.301
TNS   : 0.000

Type  : Slow 1100mV 85C Model Hold 'din_a'
Slack : 0.217
TNS   : 0.000

Type  : Slow 1100mV 85C Model Hold 'CLK_SPW'
Slack : 0.279
TNS   : 0.000

Type  : Slow 1100mV 85C Model Hold 'FPGA_CLK1_50'
Slack : 0.293
TNS   : 0.000

Type  : Slow 1100mV 85C Model Recovery 'CLK_SPW'
Slack : -4.124
TNS   : -340.452

Type  : Slow 1100mV 85C Model Recovery 'din_a'
Slack : -1.578
TNS   : -91.693

Type  : Slow 1100mV 85C Model Recovery 'FPGA_CLK1_50'
Slack : 14.369
TNS   : 0.000

Type  : Slow 1100mV 85C Model Removal 'FPGA_CLK1_50'
Slack : 0.579
TNS   : 0.000

Type  : Slow 1100mV 85C Model Removal 'CLK_SPW'
Slack : 1.305
TNS   : 0.000

Type  : Slow 1100mV 85C Model Removal 'din_a'
Slack : 2.027
TNS   : 0.000

Type  : Slow 1100mV 85C Model Minimum Pulse Width 'CLK_SPW'
Slack : 1.240
TNS   : 0.000

Type  : Slow 1100mV 85C Model Minimum Pulse Width 'din_a'
Slack : 4.327
TNS   : 0.000

Type  : Slow 1100mV 85C Model Minimum Pulse Width 'FPGA_CLK1_50'
Slack : 9.373
TNS   : 0.000

Type  : Slow 1100mV 0C Model Setup 'din_a'
Slack : -2.327
TNS   : -105.670

Type  : Slow 1100mV 0C Model Setup 'CLK_SPW'
Slack : -1.297
TNS   : -33.630

Type  : Slow 1100mV 0C Model Setup 'FPGA_CLK1_50'
Slack : 1.420
TNS   : 0.000

Type  : Slow 1100mV 0C Model Hold 'CLK_SPW'
Slack : 0.262
TNS   : 0.000

Type  : Slow 1100mV 0C Model Hold 'din_a'
Slack : 0.278
TNS   : 0.000

Type  : Slow 1100mV 0C Model Hold 'FPGA_CLK1_50'
Slack : 0.283
TNS   : 0.000

Type  : Slow 1100mV 0C Model Recovery 'CLK_SPW'
Slack : -3.686
TNS   : -299.958

Type  : Slow 1100mV 0C Model Recovery 'din_a'
Slack : -1.206
TNS   : -66.918

Type  : Slow 1100mV 0C Model Recovery 'FPGA_CLK1_50'
Slack : 14.626
TNS   : 0.000

Type  : Slow 1100mV 0C Model Removal 'FPGA_CLK1_50'
Slack : 0.529
TNS   : 0.000

Type  : Slow 1100mV 0C Model Removal 'CLK_SPW'
Slack : 1.243
TNS   : 0.000

Type  : Slow 1100mV 0C Model Removal 'din_a'
Slack : 1.919
TNS   : 0.000

Type  : Slow 1100mV 0C Model Minimum Pulse Width 'CLK_SPW'
Slack : 1.199
TNS   : 0.000

Type  : Slow 1100mV 0C Model Minimum Pulse Width 'din_a'
Slack : 4.348
TNS   : 0.000

Type  : Slow 1100mV 0C Model Minimum Pulse Width 'FPGA_CLK1_50'
Slack : 9.282
TNS   : 0.000

Type  : Fast 1100mV 85C Model Setup 'din_a'
Slack : -0.526
TNS   : -1.140

Type  : Fast 1100mV 85C Model Setup 'CLK_SPW'
Slack : 1.210
TNS   : 0.000

Type  : Fast 1100mV 85C Model Setup 'FPGA_CLK1_50'
Slack : 2.626
TNS   : 0.000

Type  : Fast 1100mV 85C Model Hold 'din_a'
Slack : 0.140
TNS   : 0.000

Type  : Fast 1100mV 85C Model Hold 'CLK_SPW'
Slack : 0.159
TNS   : 0.000

Type  : Fast 1100mV 85C Model Hold 'FPGA_CLK1_50'
Slack : 0.169
TNS   : 0.000

Type  : Fast 1100mV 85C Model Recovery 'CLK_SPW'
Slack : -0.978
TNS   : -68.523

Type  : Fast 1100mV 85C Model Recovery 'din_a'
Slack : 0.616
TNS   : 0.000

Type  : Fast 1100mV 85C Model Recovery 'FPGA_CLK1_50'
Slack : 15.940
TNS   : 0.000

Type  : Fast 1100mV 85C Model Removal 'FPGA_CLK1_50'
Slack : 0.308
TNS   : 0.000

Type  : Fast 1100mV 85C Model Removal 'CLK_SPW'
Slack : 0.703
TNS   : 0.000

Type  : Fast 1100mV 85C Model Removal 'din_a'
Slack : 1.551
TNS   : 0.000

Type  : Fast 1100mV 85C Model Minimum Pulse Width 'CLK_SPW'
Slack : 1.364
TNS   : 0.000

Type  : Fast 1100mV 85C Model Minimum Pulse Width 'din_a'
Slack : 4.473
TNS   : 0.000

Type  : Fast 1100mV 85C Model Minimum Pulse Width 'FPGA_CLK1_50'
Slack : 9.415
TNS   : 0.000

Type  : Fast 1100mV 0C Model Setup 'din_a'
Slack : 0.268
TNS   : 0.000

Type  : Fast 1100mV 0C Model Setup 'CLK_SPW'
Slack : 1.440
TNS   : 0.000

Type  : Fast 1100mV 0C Model Setup 'FPGA_CLK1_50'
Slack : 2.897
TNS   : 0.000

Type  : Fast 1100mV 0C Model Hold 'din_a'
Slack : 0.144
TNS   : 0.000

Type  : Fast 1100mV 0C Model Hold 'CLK_SPW'
Slack : 0.145
TNS   : 0.000

Type  : Fast 1100mV 0C Model Hold 'FPGA_CLK1_50'
Slack : 0.153
TNS   : 0.000

Type  : Fast 1100mV 0C Model Recovery 'CLK_SPW'
Slack : -0.230
TNS   : -6.185

Type  : Fast 1100mV 0C Model Recovery 'din_a'
Slack : 1.251
TNS   : 0.000

Type  : Fast 1100mV 0C Model Recovery 'FPGA_CLK1_50'
Slack : 16.464
TNS   : 0.000

Type  : Fast 1100mV 0C Model Removal 'FPGA_CLK1_50'
Slack : 0.275
TNS   : 0.000

Type  : Fast 1100mV 0C Model Removal 'CLK_SPW'
Slack : 0.631
TNS   : 0.000

Type  : Fast 1100mV 0C Model Removal 'din_a'
Slack : 1.189
TNS   : 0.000

Type  : Fast 1100mV 0C Model Minimum Pulse Width 'CLK_SPW'
Slack : 1.364
TNS   : 0.000

Type  : Fast 1100mV 0C Model Minimum Pulse Width 'din_a'
Slack : 4.509
TNS   : 0.000

Type  : Fast 1100mV 0C Model Minimum Pulse Width 'FPGA_CLK1_50'
Slack : 9.415
TNS   : 0.000

------------------------------------------------------------
