------------------------------------------------------------
TimeQuest Timing Analyzer Summary
------------------------------------------------------------

Type  : Slow 1100mV 85C Model Setup 'detector_tokens:B|is_control'
Slack : 1.053
TNS   : 0.000

Type  : Slow 1100mV 85C Model Setup 'top_spw_ultra_light:SPW_B|RX_SPW:RX|is_control'
Slack : 1.181
TNS   : 0.000

Type  : Slow 1100mV 85C Model Setup 'detector_tokens:A|is_control'
Slack : 1.249
TNS   : 0.000

Type  : Slow 1100mV 85C Model Setup 'AXI_INTERFACE|pll_tx|altera_pll_i|cyclonev_pll|counter[3].output_counter|divclk'
Slack : 1.276
TNS   : 0.000

Type  : Slow 1100mV 85C Model Setup 'top_spw_ultra_light:SPW|RX_SPW:RX|is_control'
Slack : 1.517
TNS   : 0.000

Type  : Slow 1100mV 85C Model Setup 'detector_tokens:A|counter_neg[0]'
Slack : 1.740
TNS   : 0.000

Type  : Slow 1100mV 85C Model Setup 'top_spw_ultra_light:SPW_B|RX_SPW:RX|counter_neg[0]'
Slack : 1.881
TNS   : 0.000

Type  : Slow 1100mV 85C Model Setup 'top_spw_ultra_light:SPW|RX_SPW:RX|counter_neg[0]'
Slack : 1.934
TNS   : 0.000

Type  : Slow 1100mV 85C Model Setup 'detector_tokens:B|counter_neg[0]'
Slack : 1.988
TNS   : 0.000

Type  : Slow 1100mV 85C Model Setup 'detector_tokens:A|rx_buffer_write'
Slack : 2.534
TNS   : 0.000

Type  : Slow 1100mV 85C Model Setup 'detector_tokens:B|rx_buffer_write'
Slack : 2.862
TNS   : 0.000

Type  : Slow 1100mV 85C Model Setup 'FPGA_CLK1_50'
Slack : 3.322
TNS   : 0.000

Type  : Slow 1100mV 85C Model Setup 'AXI_INTERFACE|pll_tx|altera_pll_i|cyclonev_pll|counter[0].output_counter|divclk'
Slack : 41.072
TNS   : 0.000

Type  : Slow 1100mV 85C Model Setup 'AXI_INTERFACE|pll_tx|altera_pll_i|cyclonev_pll|counter[1].output_counter|divclk'
Slack : 41.491
TNS   : 0.000

Type  : Slow 1100mV 85C Model Hold 'FPGA_CLK1_50'
Slack : 0.283
TNS   : 0.000

Type  : Slow 1100mV 85C Model Hold 'AXI_INTERFACE|pll_tx|altera_pll_i|cyclonev_pll|counter[3].output_counter|divclk'
Slack : 0.371
TNS   : 0.000

Type  : Slow 1100mV 85C Model Hold 'AXI_INTERFACE|pll_tx|altera_pll_i|cyclonev_pll|counter[1].output_counter|divclk'
Slack : 0.715
TNS   : 0.000

Type  : Slow 1100mV 85C Model Hold 'AXI_INTERFACE|pll_tx|altera_pll_i|cyclonev_pll|counter[0].output_counter|divclk'
Slack : 0.936
TNS   : 0.000

Type  : Slow 1100mV 85C Model Hold 'detector_tokens:A|is_control'
Slack : 1.109
TNS   : 0.000

Type  : Slow 1100mV 85C Model Hold 'top_spw_ultra_light:SPW|RX_SPW:RX|counter_neg[0]'
Slack : 1.175
TNS   : 0.000

Type  : Slow 1100mV 85C Model Hold 'top_spw_ultra_light:SPW|RX_SPW:RX|is_control'
Slack : 1.228
TNS   : 0.000

Type  : Slow 1100mV 85C Model Hold 'detector_tokens:B|is_control'
Slack : 1.243
TNS   : 0.000

Type  : Slow 1100mV 85C Model Hold 'top_spw_ultra_light:SPW_B|RX_SPW:RX|counter_neg[0]'
Slack : 1.285
TNS   : 0.000

Type  : Slow 1100mV 85C Model Hold 'detector_tokens:B|counter_neg[0]'
Slack : 1.321
TNS   : 0.000

Type  : Slow 1100mV 85C Model Hold 'detector_tokens:A|counter_neg[0]'
Slack : 1.325
TNS   : 0.000

Type  : Slow 1100mV 85C Model Hold 'top_spw_ultra_light:SPW_B|RX_SPW:RX|is_control'
Slack : 1.386
TNS   : 0.000

Type  : Slow 1100mV 85C Model Hold 'detector_tokens:B|rx_buffer_write'
Slack : 1.632
TNS   : 0.000

Type  : Slow 1100mV 85C Model Hold 'detector_tokens:A|rx_buffer_write'
Slack : 1.755
TNS   : 0.000

Type  : Slow 1100mV 85C Model Recovery 'top_spw_ultra_light:SPW|RX_SPW:RX|counter_neg[0]'
Slack : 1.946
TNS   : 0.000

Type  : Slow 1100mV 85C Model Recovery 'top_spw_ultra_light:SPW|RX_SPW:RX|is_control'
Slack : 2.308
TNS   : 0.000

Type  : Slow 1100mV 85C Model Recovery 'top_spw_ultra_light:SPW_B|RX_SPW:RX|is_control'
Slack : 2.503
TNS   : 0.000

Type  : Slow 1100mV 85C Model Recovery 'top_spw_ultra_light:SPW_B|RX_SPW:RX|counter_neg[0]'
Slack : 3.300
TNS   : 0.000

Type  : Slow 1100mV 85C Model Recovery 'detector_tokens:B|rx_buffer_write'
Slack : 6.398
TNS   : 0.000

Type  : Slow 1100mV 85C Model Recovery 'detector_tokens:A|rx_buffer_write'
Slack : 6.815
TNS   : 0.000

Type  : Slow 1100mV 85C Model Recovery 'FPGA_CLK1_50'
Slack : 13.281
TNS   : 0.000

Type  : Slow 1100mV 85C Model Removal 'FPGA_CLK1_50'
Slack : 1.009
TNS   : 0.000

Type  : Slow 1100mV 85C Model Removal 'detector_tokens:A|rx_buffer_write'
Slack : 1.305
TNS   : 0.000

Type  : Slow 1100mV 85C Model Removal 'detector_tokens:B|rx_buffer_write'
Slack : 1.415
TNS   : 0.000

Type  : Slow 1100mV 85C Model Removal 'top_spw_ultra_light:SPW_B|RX_SPW:RX|counter_neg[0]'
Slack : 4.664
TNS   : 0.000

Type  : Slow 1100mV 85C Model Removal 'top_spw_ultra_light:SPW|RX_SPW:RX|counter_neg[0]'
Slack : 4.731
TNS   : 0.000

Type  : Slow 1100mV 85C Model Removal 'top_spw_ultra_light:SPW_B|RX_SPW:RX|is_control'
Slack : 5.569
TNS   : 0.000

Type  : Slow 1100mV 85C Model Removal 'top_spw_ultra_light:SPW|RX_SPW:RX|is_control'
Slack : 5.760
TNS   : 0.000

Type  : Slow 1100mV 85C Model Minimum Pulse Width 'AXI_INTERFACE|pll_tx|altera_pll_i|cyclonev_pll|fpll_0|fpll|vcoph[0]'
Slack : 1.250
TNS   : 0.000

Type  : Slow 1100mV 85C Model Minimum Pulse Width 'AXI_INTERFACE|pll_tx|altera_pll_i|cyclonev_pll|counter[3].output_counter|divclk'
Slack : 4.267
TNS   : 0.000

Type  : Slow 1100mV 85C Model Minimum Pulse Width 'detector_tokens:B|rx_buffer_write'
Slack : 4.309
TNS   : 0.000

Type  : Slow 1100mV 85C Model Minimum Pulse Width 'top_spw_ultra_light:SPW_B|RX_SPW:RX|is_control'
Slack : 4.327
TNS   : 0.000

Type  : Slow 1100mV 85C Model Minimum Pulse Width 'top_spw_ultra_light:SPW|RX_SPW:RX|counter_neg[0]'
Slack : 4.355
TNS   : 0.000

Type  : Slow 1100mV 85C Model Minimum Pulse Width 'detector_tokens:A|counter_neg[0]'
Slack : 4.400
TNS   : 0.000

Type  : Slow 1100mV 85C Model Minimum Pulse Width 'detector_tokens:A|is_control'
Slack : 4.400
TNS   : 0.000

Type  : Slow 1100mV 85C Model Minimum Pulse Width 'detector_tokens:A|rx_buffer_write'
Slack : 4.406
TNS   : 0.000

Type  : Slow 1100mV 85C Model Minimum Pulse Width 'detector_tokens:B|is_control'
Slack : 4.426
TNS   : 0.000

Type  : Slow 1100mV 85C Model Minimum Pulse Width 'top_spw_ultra_light:SPW_B|RX_SPW:RX|counter_neg[0]'
Slack : 4.428
TNS   : 0.000

Type  : Slow 1100mV 85C Model Minimum Pulse Width 'top_spw_ultra_light:SPW|RX_SPW:RX|is_control'
Slack : 4.434
TNS   : 0.000

Type  : Slow 1100mV 85C Model Minimum Pulse Width 'detector_tokens:B|counter_neg[0]'
Slack : 4.435
TNS   : 0.000

Type  : Slow 1100mV 85C Model Minimum Pulse Width 'FPGA_CLK1_50'
Slack : 9.193
TNS   : 0.000

Type  : Slow 1100mV 85C Model Minimum Pulse Width 'AXI_INTERFACE|pll_tx|altera_pll_i|cyclonev_pll|counter[1].output_counter|divclk'
Slack : 49.219
TNS   : 0.000

Type  : Slow 1100mV 85C Model Minimum Pulse Width 'AXI_INTERFACE|pll_tx|altera_pll_i|cyclonev_pll|counter[0].output_counter|divclk'
Slack : 98.297
TNS   : 0.000

Type  : Slow 1100mV 85C Model Minimum Pulse Width 'debounce_db:db_system_spwulight_b|PB_state'
Slack : 247.076
TNS   : 0.000

Type  : Slow 1100mV 0C Model Setup 'AXI_INTERFACE|pll_tx|altera_pll_i|cyclonev_pll|counter[3].output_counter|divclk'
Slack : 1.296
TNS   : 0.000

Type  : Slow 1100mV 0C Model Setup 'detector_tokens:B|is_control'
Slack : 1.312
TNS   : 0.000

Type  : Slow 1100mV 0C Model Setup 'top_spw_ultra_light:SPW_B|RX_SPW:RX|is_control'
Slack : 1.386
TNS   : 0.000

Type  : Slow 1100mV 0C Model Setup 'detector_tokens:A|is_control'
Slack : 1.549
TNS   : 0.000

Type  : Slow 1100mV 0C Model Setup 'top_spw_ultra_light:SPW|RX_SPW:RX|is_control'
Slack : 1.707
TNS   : 0.000

Type  : Slow 1100mV 0C Model Setup 'top_spw_ultra_light:SPW_B|RX_SPW:RX|counter_neg[0]'
Slack : 1.991
TNS   : 0.000

Type  : Slow 1100mV 0C Model Setup 'detector_tokens:A|counter_neg[0]'
Slack : 2.041
TNS   : 0.000

Type  : Slow 1100mV 0C Model Setup 'top_spw_ultra_light:SPW|RX_SPW:RX|counter_neg[0]'
Slack : 2.122
TNS   : 0.000

Type  : Slow 1100mV 0C Model Setup 'detector_tokens:B|counter_neg[0]'
Slack : 2.170
TNS   : 0.000

Type  : Slow 1100mV 0C Model Setup 'detector_tokens:A|rx_buffer_write'
Slack : 2.664
TNS   : 0.000

Type  : Slow 1100mV 0C Model Setup 'detector_tokens:B|rx_buffer_write'
Slack : 3.017
TNS   : 0.000

Type  : Slow 1100mV 0C Model Setup 'FPGA_CLK1_50'
Slack : 3.752
TNS   : 0.000

Type  : Slow 1100mV 0C Model Setup 'AXI_INTERFACE|pll_tx|altera_pll_i|cyclonev_pll|counter[0].output_counter|divclk'
Slack : 41.638
TNS   : 0.000

Type  : Slow 1100mV 0C Model Setup 'AXI_INTERFACE|pll_tx|altera_pll_i|cyclonev_pll|counter[1].output_counter|divclk'
Slack : 42.045
TNS   : 0.000

Type  : Slow 1100mV 0C Model Hold 'FPGA_CLK1_50'
Slack : 0.114
TNS   : 0.000

Type  : Slow 1100mV 0C Model Hold 'AXI_INTERFACE|pll_tx|altera_pll_i|cyclonev_pll|counter[3].output_counter|divclk'
Slack : 0.373
TNS   : 0.000

Type  : Slow 1100mV 0C Model Hold 'AXI_INTERFACE|pll_tx|altera_pll_i|cyclonev_pll|counter[1].output_counter|divclk'
Slack : 0.647
TNS   : 0.000

Type  : Slow 1100mV 0C Model Hold 'AXI_INTERFACE|pll_tx|altera_pll_i|cyclonev_pll|counter[0].output_counter|divclk'
Slack : 0.829
TNS   : 0.000

Type  : Slow 1100mV 0C Model Hold 'detector_tokens:A|is_control'
Slack : 0.972
TNS   : 0.000

Type  : Slow 1100mV 0C Model Hold 'top_spw_ultra_light:SPW|RX_SPW:RX|counter_neg[0]'
Slack : 1.090
TNS   : 0.000

Type  : Slow 1100mV 0C Model Hold 'top_spw_ultra_light:SPW|RX_SPW:RX|is_control'
Slack : 1.163
TNS   : 0.000

Type  : Slow 1100mV 0C Model Hold 'top_spw_ultra_light:SPW_B|RX_SPW:RX|counter_neg[0]'
Slack : 1.166
TNS   : 0.000

Type  : Slow 1100mV 0C Model Hold 'detector_tokens:A|counter_neg[0]'
Slack : 1.210
TNS   : 0.000

Type  : Slow 1100mV 0C Model Hold 'detector_tokens:B|is_control'
Slack : 1.211
TNS   : 0.000

Type  : Slow 1100mV 0C Model Hold 'detector_tokens:B|counter_neg[0]'
Slack : 1.219
TNS   : 0.000

Type  : Slow 1100mV 0C Model Hold 'top_spw_ultra_light:SPW_B|RX_SPW:RX|is_control'
Slack : 1.388
TNS   : 0.000

Type  : Slow 1100mV 0C Model Hold 'detector_tokens:B|rx_buffer_write'
Slack : 1.536
TNS   : 0.000

Type  : Slow 1100mV 0C Model Hold 'detector_tokens:A|rx_buffer_write'
Slack : 1.682
TNS   : 0.000

Type  : Slow 1100mV 0C Model Recovery 'top_spw_ultra_light:SPW|RX_SPW:RX|counter_neg[0]'
Slack : 2.055
TNS   : 0.000

Type  : Slow 1100mV 0C Model Recovery 'top_spw_ultra_light:SPW|RX_SPW:RX|is_control'
Slack : 2.352
TNS   : 0.000

Type  : Slow 1100mV 0C Model Recovery 'top_spw_ultra_light:SPW_B|RX_SPW:RX|is_control'
Slack : 2.554
TNS   : 0.000

Type  : Slow 1100mV 0C Model Recovery 'top_spw_ultra_light:SPW_B|RX_SPW:RX|counter_neg[0]'
Slack : 3.340
TNS   : 0.000

Type  : Slow 1100mV 0C Model Recovery 'detector_tokens:B|rx_buffer_write'
Slack : 6.488
TNS   : 0.000

Type  : Slow 1100mV 0C Model Recovery 'detector_tokens:A|rx_buffer_write'
Slack : 6.892
TNS   : 0.000

Type  : Slow 1100mV 0C Model Recovery 'FPGA_CLK1_50'
Slack : 13.429
TNS   : 0.000

Type  : Slow 1100mV 0C Model Removal 'FPGA_CLK1_50'
Slack : 0.944
TNS   : 0.000

Type  : Slow 1100mV 0C Model Removal 'detector_tokens:A|rx_buffer_write'
Slack : 1.265
TNS   : 0.000

Type  : Slow 1100mV 0C Model Removal 'detector_tokens:B|rx_buffer_write'
Slack : 1.359
TNS   : 0.000

Type  : Slow 1100mV 0C Model Removal 'top_spw_ultra_light:SPW_B|RX_SPW:RX|counter_neg[0]'
Slack : 4.690
TNS   : 0.000

Type  : Slow 1100mV 0C Model Removal 'top_spw_ultra_light:SPW|RX_SPW:RX|counter_neg[0]'
Slack : 4.770
TNS   : 0.000

Type  : Slow 1100mV 0C Model Removal 'top_spw_ultra_light:SPW_B|RX_SPW:RX|is_control'
Slack : 5.624
TNS   : 0.000

Type  : Slow 1100mV 0C Model Removal 'top_spw_ultra_light:SPW|RX_SPW:RX|is_control'
Slack : 5.807
TNS   : 0.000

Type  : Slow 1100mV 0C Model Minimum Pulse Width 'AXI_INTERFACE|pll_tx|altera_pll_i|cyclonev_pll|fpll_0|fpll|vcoph[0]'
Slack : 1.250
TNS   : 0.000

Type  : Slow 1100mV 0C Model Minimum Pulse Width 'AXI_INTERFACE|pll_tx|altera_pll_i|cyclonev_pll|counter[3].output_counter|divclk'
Slack : 4.206
TNS   : 0.000

Type  : Slow 1100mV 0C Model Minimum Pulse Width 'top_spw_ultra_light:SPW|RX_SPW:RX|counter_neg[0]'
Slack : 4.294
TNS   : 0.000

Type  : Slow 1100mV 0C Model Minimum Pulse Width 'detector_tokens:B|rx_buffer_write'
Slack : 4.307
TNS   : 0.000

Type  : Slow 1100mV 0C Model Minimum Pulse Width 'top_spw_ultra_light:SPW_B|RX_SPW:RX|is_control'
Slack : 4.341
TNS   : 0.000

Type  : Slow 1100mV 0C Model Minimum Pulse Width 'detector_tokens:A|counter_neg[0]'
Slack : 4.348
TNS   : 0.000

Type  : Slow 1100mV 0C Model Minimum Pulse Width 'detector_tokens:A|is_control'
Slack : 4.349
TNS   : 0.000

Type  : Slow 1100mV 0C Model Minimum Pulse Width 'detector_tokens:B|counter_neg[0]'
Slack : 4.366
TNS   : 0.000

Type  : Slow 1100mV 0C Model Minimum Pulse Width 'detector_tokens:A|rx_buffer_write'
Slack : 4.376
TNS   : 0.000

Type  : Slow 1100mV 0C Model Minimum Pulse Width 'top_spw_ultra_light:SPW_B|RX_SPW:RX|counter_neg[0]'
Slack : 4.387
TNS   : 0.000

Type  : Slow 1100mV 0C Model Minimum Pulse Width 'top_spw_ultra_light:SPW|RX_SPW:RX|is_control'
Slack : 4.419
TNS   : 0.000

Type  : Slow 1100mV 0C Model Minimum Pulse Width 'detector_tokens:B|is_control'
Slack : 4.433
TNS   : 0.000

Type  : Slow 1100mV 0C Model Minimum Pulse Width 'FPGA_CLK1_50'
Slack : 9.270
TNS   : 0.000

Type  : Slow 1100mV 0C Model Minimum Pulse Width 'AXI_INTERFACE|pll_tx|altera_pll_i|cyclonev_pll|counter[1].output_counter|divclk'
Slack : 49.182
TNS   : 0.000

Type  : Slow 1100mV 0C Model Minimum Pulse Width 'AXI_INTERFACE|pll_tx|altera_pll_i|cyclonev_pll|counter[0].output_counter|divclk'
Slack : 98.188
TNS   : 0.000

Type  : Slow 1100mV 0C Model Minimum Pulse Width 'debounce_db:db_system_spwulight_b|PB_state'
Slack : 247.034
TNS   : 0.000

Type  : Fast 1100mV 85C Model Setup 'detector_tokens:B|is_control'
Slack : 2.392
TNS   : 0.000

Type  : Fast 1100mV 85C Model Setup 'top_spw_ultra_light:SPW_B|RX_SPW:RX|is_control'
Slack : 2.401
TNS   : 0.000

Type  : Fast 1100mV 85C Model Setup 'detector_tokens:A|is_control'
Slack : 2.642
TNS   : 0.000

Type  : Fast 1100mV 85C Model Setup 'top_spw_ultra_light:SPW|RX_SPW:RX|is_control'
Slack : 2.732
TNS   : 0.000

Type  : Fast 1100mV 85C Model Setup 'top_spw_ultra_light:SPW_B|RX_SPW:RX|counter_neg[0]'
Slack : 2.750
TNS   : 0.000

Type  : Fast 1100mV 85C Model Setup 'top_spw_ultra_light:SPW|RX_SPW:RX|counter_neg[0]'
Slack : 2.825
TNS   : 0.000

Type  : Fast 1100mV 85C Model Setup 'detector_tokens:B|counter_neg[0]'
Slack : 2.846
TNS   : 0.000

Type  : Fast 1100mV 85C Model Setup 'detector_tokens:A|counter_neg[0]'
Slack : 2.848
TNS   : 0.000

Type  : Fast 1100mV 85C Model Setup 'AXI_INTERFACE|pll_tx|altera_pll_i|cyclonev_pll|counter[3].output_counter|divclk'
Slack : 4.937
TNS   : 0.000

Type  : Fast 1100mV 85C Model Setup 'detector_tokens:A|rx_buffer_write'
Slack : 5.481
TNS   : 0.000

Type  : Fast 1100mV 85C Model Setup 'FPGA_CLK1_50'
Slack : 5.648
TNS   : 0.000

Type  : Fast 1100mV 85C Model Setup 'detector_tokens:B|rx_buffer_write'
Slack : 5.751
TNS   : 0.000

Type  : Fast 1100mV 85C Model Setup 'AXI_INTERFACE|pll_tx|altera_pll_i|cyclonev_pll|counter[0].output_counter|divclk'
Slack : 42.932
TNS   : 0.000

Type  : Fast 1100mV 85C Model Setup 'AXI_INTERFACE|pll_tx|altera_pll_i|cyclonev_pll|counter[1].output_counter|divclk'
Slack : 43.162
TNS   : 0.000

Type  : Fast 1100mV 85C Model Hold 'FPGA_CLK1_50'
Slack : 0.163
TNS   : 0.000

Type  : Fast 1100mV 85C Model Hold 'AXI_INTERFACE|pll_tx|altera_pll_i|cyclonev_pll|counter[3].output_counter|divclk'
Slack : 0.180
TNS   : 0.000

Type  : Fast 1100mV 85C Model Hold 'AXI_INTERFACE|pll_tx|altera_pll_i|cyclonev_pll|counter[1].output_counter|divclk'
Slack : 0.361
TNS   : 0.000

Type  : Fast 1100mV 85C Model Hold 'AXI_INTERFACE|pll_tx|altera_pll_i|cyclonev_pll|counter[0].output_counter|divclk'
Slack : 0.493
TNS   : 0.000

Type  : Fast 1100mV 85C Model Hold 'detector_tokens:A|is_control'
Slack : 0.589
TNS   : 0.000

Type  : Fast 1100mV 85C Model Hold 'top_spw_ultra_light:SPW|RX_SPW:RX|is_control'
Slack : 0.662
TNS   : 0.000

Type  : Fast 1100mV 85C Model Hold 'detector_tokens:B|is_control'
Slack : 0.698
TNS   : 0.000

Type  : Fast 1100mV 85C Model Hold 'top_spw_ultra_light:SPW_B|RX_SPW:RX|is_control'
Slack : 0.726
TNS   : 0.000

Type  : Fast 1100mV 85C Model Hold 'top_spw_ultra_light:SPW|RX_SPW:RX|counter_neg[0]'
Slack : 0.748
TNS   : 0.000

Type  : Fast 1100mV 85C Model Hold 'top_spw_ultra_light:SPW_B|RX_SPW:RX|counter_neg[0]'
Slack : 0.812
TNS   : 0.000

Type  : Fast 1100mV 85C Model Hold 'detector_tokens:B|rx_buffer_write'
Slack : 0.850
TNS   : 0.000

Type  : Fast 1100mV 85C Model Hold 'detector_tokens:B|counter_neg[0]'
Slack : 0.853
TNS   : 0.000

Type  : Fast 1100mV 85C Model Hold 'detector_tokens:A|counter_neg[0]'
Slack : 0.878
TNS   : 0.000

Type  : Fast 1100mV 85C Model Hold 'detector_tokens:A|rx_buffer_write'
Slack : 0.929
TNS   : 0.000

Type  : Fast 1100mV 85C Model Recovery 'top_spw_ultra_light:SPW|RX_SPW:RX|counter_neg[0]'
Slack : 5.293
TNS   : 0.000

Type  : Fast 1100mV 85C Model Recovery 'top_spw_ultra_light:SPW|RX_SPW:RX|is_control'
Slack : 5.666
TNS   : 0.000

Type  : Fast 1100mV 85C Model Recovery 'top_spw_ultra_light:SPW_B|RX_SPW:RX|is_control'
Slack : 5.729
TNS   : 0.000

Type  : Fast 1100mV 85C Model Recovery 'top_spw_ultra_light:SPW_B|RX_SPW:RX|counter_neg[0]'
Slack : 6.231
TNS   : 0.000

Type  : Fast 1100mV 85C Model Recovery 'detector_tokens:B|rx_buffer_write'
Slack : 7.261
TNS   : 0.000

Type  : Fast 1100mV 85C Model Recovery 'detector_tokens:A|rx_buffer_write'
Slack : 7.664
TNS   : 0.000

Type  : Fast 1100mV 85C Model Recovery 'FPGA_CLK1_50'
Slack : 15.948
TNS   : 0.000

Type  : Fast 1100mV 85C Model Removal 'FPGA_CLK1_50'
Slack : 0.612
TNS   : 0.000

Type  : Fast 1100mV 85C Model Removal 'detector_tokens:A|rx_buffer_write'
Slack : 0.720
TNS   : 0.000

Type  : Fast 1100mV 85C Model Removal 'detector_tokens:B|rx_buffer_write'
Slack : 0.849
TNS   : 0.000

Type  : Fast 1100mV 85C Model Removal 'top_spw_ultra_light:SPW_B|RX_SPW:RX|counter_neg[0]'
Slack : 2.454
TNS   : 0.000

Type  : Fast 1100mV 85C Model Removal 'top_spw_ultra_light:SPW|RX_SPW:RX|counter_neg[0]'
Slack : 2.489
TNS   : 0.000

Type  : Fast 1100mV 85C Model Removal 'top_spw_ultra_light:SPW_B|RX_SPW:RX|is_control'
Slack : 2.906
TNS   : 0.000

Type  : Fast 1100mV 85C Model Removal 'top_spw_ultra_light:SPW|RX_SPW:RX|is_control'
Slack : 3.067
TNS   : 0.000

Type  : Fast 1100mV 85C Model Minimum Pulse Width 'AXI_INTERFACE|pll_tx|altera_pll_i|cyclonev_pll|fpll_0|fpll|vcoph[0]'
Slack : 1.250
TNS   : 0.000

Type  : Fast 1100mV 85C Model Minimum Pulse Width 'AXI_INTERFACE|pll_tx|altera_pll_i|cyclonev_pll|counter[3].output_counter|divclk'
Slack : 4.538
TNS   : 0.000

Type  : Fast 1100mV 85C Model Minimum Pulse Width 'top_spw_ultra_light:SPW_B|RX_SPW:RX|is_control'
Slack : 4.547
TNS   : 0.000

Type  : Fast 1100mV 85C Model Minimum Pulse Width 'detector_tokens:B|rx_buffer_write'
Slack : 4.553
TNS   : 0.000

Type  : Fast 1100mV 85C Model Minimum Pulse Width 'top_spw_ultra_light:SPW|RX_SPW:RX|counter_neg[0]'
Slack : 4.617
TNS   : 0.000

Type  : Fast 1100mV 85C Model Minimum Pulse Width 'top_spw_ultra_light:SPW_B|RX_SPW:RX|counter_neg[0]'
Slack : 4.621
TNS   : 0.000

Type  : Fast 1100mV 85C Model Minimum Pulse Width 'detector_tokens:A|rx_buffer_write'
Slack : 4.644
TNS   : 0.000

Type  : Fast 1100mV 85C Model Minimum Pulse Width 'detector_tokens:A|counter_neg[0]'
Slack : 4.645
TNS   : 0.000

Type  : Fast 1100mV 85C Model Minimum Pulse Width 'detector_tokens:A|is_control'
Slack : 4.648
TNS   : 0.000

Type  : Fast 1100mV 85C Model Minimum Pulse Width 'detector_tokens:B|is_control'
Slack : 4.653
TNS   : 0.000

Type  : Fast 1100mV 85C Model Minimum Pulse Width 'detector_tokens:B|counter_neg[0]'
Slack : 4.655
TNS   : 0.000

Type  : Fast 1100mV 85C Model Minimum Pulse Width 'top_spw_ultra_light:SPW|RX_SPW:RX|is_control'
Slack : 4.664
TNS   : 0.000

Type  : Fast 1100mV 85C Model Minimum Pulse Width 'FPGA_CLK1_50'
Slack : 9.072
TNS   : 0.000

Type  : Fast 1100mV 85C Model Minimum Pulse Width 'AXI_INTERFACE|pll_tx|altera_pll_i|cyclonev_pll|counter[1].output_counter|divclk'
Slack : 49.495
TNS   : 0.000

Type  : Fast 1100mV 85C Model Minimum Pulse Width 'AXI_INTERFACE|pll_tx|altera_pll_i|cyclonev_pll|counter[0].output_counter|divclk'
Slack : 99.033
TNS   : 0.000

Type  : Fast 1100mV 85C Model Minimum Pulse Width 'debounce_db:db_system_spwulight_b|PB_state'
Slack : 248.031
TNS   : 0.000

Type  : Fast 1100mV 0C Model Setup 'detector_tokens:B|is_control'
Slack : 2.639
TNS   : 0.000

Type  : Fast 1100mV 0C Model Setup 'top_spw_ultra_light:SPW_B|RX_SPW:RX|is_control'
Slack : 2.651
TNS   : 0.000

Type  : Fast 1100mV 0C Model Setup 'detector_tokens:A|is_control'
Slack : 2.875
TNS   : 0.000

Type  : Fast 1100mV 0C Model Setup 'top_spw_ultra_light:SPW|RX_SPW:RX|is_control'
Slack : 2.933
TNS   : 0.000

Type  : Fast 1100mV 0C Model Setup 'top_spw_ultra_light:SPW_B|RX_SPW:RX|counter_neg[0]'
Slack : 2.979
TNS   : 0.000

Type  : Fast 1100mV 0C Model Setup 'top_spw_ultra_light:SPW|RX_SPW:RX|counter_neg[0]'
Slack : 3.040
TNS   : 0.000

Type  : Fast 1100mV 0C Model Setup 'detector_tokens:B|counter_neg[0]'
Slack : 3.060
TNS   : 0.000

Type  : Fast 1100mV 0C Model Setup 'detector_tokens:A|counter_neg[0]'
Slack : 3.073
TNS   : 0.000

Type  : Fast 1100mV 0C Model Setup 'AXI_INTERFACE|pll_tx|altera_pll_i|cyclonev_pll|counter[3].output_counter|divclk'
Slack : 5.379
TNS   : 0.000

Type  : Fast 1100mV 0C Model Setup 'detector_tokens:A|rx_buffer_write'
Slack : 5.844
TNS   : 0.000

Type  : Fast 1100mV 0C Model Setup 'detector_tokens:B|rx_buffer_write'
Slack : 6.104
TNS   : 0.000

Type  : Fast 1100mV 0C Model Setup 'FPGA_CLK1_50'
Slack : 6.177
TNS   : 0.000

Type  : Fast 1100mV 0C Model Setup 'AXI_INTERFACE|pll_tx|altera_pll_i|cyclonev_pll|counter[0].output_counter|divclk'
Slack : 44.095
TNS   : 0.000

Type  : Fast 1100mV 0C Model Setup 'AXI_INTERFACE|pll_tx|altera_pll_i|cyclonev_pll|counter[1].output_counter|divclk'
Slack : 44.308
TNS   : 0.000

Type  : Fast 1100mV 0C Model Hold 'FPGA_CLK1_50'
Slack : 0.150
TNS   : 0.000

Type  : Fast 1100mV 0C Model Hold 'AXI_INTERFACE|pll_tx|altera_pll_i|cyclonev_pll|counter[3].output_counter|divclk'
Slack : 0.170
TNS   : 0.000

Type  : Fast 1100mV 0C Model Hold 'AXI_INTERFACE|pll_tx|altera_pll_i|cyclonev_pll|counter[1].output_counter|divclk'
Slack : 0.288
TNS   : 0.000

Type  : Fast 1100mV 0C Model Hold 'AXI_INTERFACE|pll_tx|altera_pll_i|cyclonev_pll|counter[0].output_counter|divclk'
Slack : 0.401
TNS   : 0.000

Type  : Fast 1100mV 0C Model Hold 'detector_tokens:A|is_control'
Slack : 0.482
TNS   : 0.000

Type  : Fast 1100mV 0C Model Hold 'top_spw_ultra_light:SPW|RX_SPW:RX|is_control'
Slack : 0.528
TNS   : 0.000

Type  : Fast 1100mV 0C Model Hold 'detector_tokens:B|is_control'
Slack : 0.588
TNS   : 0.000

Type  : Fast 1100mV 0C Model Hold 'top_spw_ultra_light:SPW_B|RX_SPW:RX|is_control'
Slack : 0.614
TNS   : 0.000

Type  : Fast 1100mV 0C Model Hold 'top_spw_ultra_light:SPW|RX_SPW:RX|counter_neg[0]'
Slack : 0.659
TNS   : 0.000

Type  : Fast 1100mV 0C Model Hold 'top_spw_ultra_light:SPW_B|RX_SPW:RX|counter_neg[0]'
Slack : 0.700
TNS   : 0.000

Type  : Fast 1100mV 0C Model Hold 'detector_tokens:B|rx_buffer_write'
Slack : 0.715
TNS   : 0.000

Type  : Fast 1100mV 0C Model Hold 'detector_tokens:B|counter_neg[0]'
Slack : 0.739
TNS   : 0.000

Type  : Fast 1100mV 0C Model Hold 'detector_tokens:A|counter_neg[0]'
Slack : 0.751
TNS   : 0.000

Type  : Fast 1100mV 0C Model Hold 'detector_tokens:A|rx_buffer_write'
Slack : 0.797
TNS   : 0.000

Type  : Fast 1100mV 0C Model Recovery 'top_spw_ultra_light:SPW|RX_SPW:RX|counter_neg[0]'
Slack : 5.517
TNS   : 0.000

Type  : Fast 1100mV 0C Model Recovery 'top_spw_ultra_light:SPW|RX_SPW:RX|is_control'
Slack : 5.809
TNS   : 0.000

Type  : Fast 1100mV 0C Model Recovery 'top_spw_ultra_light:SPW_B|RX_SPW:RX|is_control'
Slack : 5.884
TNS   : 0.000

Type  : Fast 1100mV 0C Model Recovery 'top_spw_ultra_light:SPW_B|RX_SPW:RX|counter_neg[0]'
Slack : 6.327
TNS   : 0.000

Type  : Fast 1100mV 0C Model Recovery 'detector_tokens:B|rx_buffer_write'
Slack : 7.578
TNS   : 0.000

Type  : Fast 1100mV 0C Model Recovery 'detector_tokens:A|rx_buffer_write'
Slack : 7.912
TNS   : 0.000

Type  : Fast 1100mV 0C Model Recovery 'FPGA_CLK1_50'
Slack : 16.193
TNS   : 0.000

Type  : Fast 1100mV 0C Model Removal 'FPGA_CLK1_50'
Slack : 0.551
TNS   : 0.000

Type  : Fast 1100mV 0C Model Removal 'detector_tokens:A|rx_buffer_write'
Slack : 0.617
TNS   : 0.000

Type  : Fast 1100mV 0C Model Removal 'detector_tokens:B|rx_buffer_write'
Slack : 0.733
TNS   : 0.000

Type  : Fast 1100mV 0C Model Removal 'top_spw_ultra_light:SPW_B|RX_SPW:RX|counter_neg[0]'
Slack : 2.396
TNS   : 0.000

Type  : Fast 1100mV 0C Model Removal 'top_spw_ultra_light:SPW|RX_SPW:RX|counter_neg[0]'
Slack : 2.436
TNS   : 0.000

Type  : Fast 1100mV 0C Model Removal 'top_spw_ultra_light:SPW_B|RX_SPW:RX|is_control'
Slack : 2.828
TNS   : 0.000

Type  : Fast 1100mV 0C Model Removal 'top_spw_ultra_light:SPW|RX_SPW:RX|is_control'
Slack : 2.959
TNS   : 0.000

Type  : Fast 1100mV 0C Model Minimum Pulse Width 'AXI_INTERFACE|pll_tx|altera_pll_i|cyclonev_pll|fpll_0|fpll|vcoph[0]'
Slack : 1.250
TNS   : 0.000

Type  : Fast 1100mV 0C Model Minimum Pulse Width 'AXI_INTERFACE|pll_tx|altera_pll_i|cyclonev_pll|counter[3].output_counter|divclk'
Slack : 4.532
TNS   : 0.000

Type  : Fast 1100mV 0C Model Minimum Pulse Width 'detector_tokens:B|rx_buffer_write'
Slack : 4.572
TNS   : 0.000

Type  : Fast 1100mV 0C Model Minimum Pulse Width 'top_spw_ultra_light:SPW_B|RX_SPW:RX|is_control'
Slack : 4.575
TNS   : 0.000

Type  : Fast 1100mV 0C Model Minimum Pulse Width 'top_spw_ultra_light:SPW|RX_SPW:RX|counter_neg[0]'
Slack : 4.631
TNS   : 0.000

Type  : Fast 1100mV 0C Model Minimum Pulse Width 'detector_tokens:A|is_control'
Slack : 4.633
TNS   : 0.000

Type  : Fast 1100mV 0C Model Minimum Pulse Width 'detector_tokens:B|counter_neg[0]'
Slack : 4.636
TNS   : 0.000

Type  : Fast 1100mV 0C Model Minimum Pulse Width 'top_spw_ultra_light:SPW_B|RX_SPW:RX|counter_neg[0]'
Slack : 4.638
TNS   : 0.000

Type  : Fast 1100mV 0C Model Minimum Pulse Width 'detector_tokens:A|rx_buffer_write'
Slack : 4.641
TNS   : 0.000

Type  : Fast 1100mV 0C Model Minimum Pulse Width 'detector_tokens:B|is_control'
Slack : 4.659
TNS   : 0.000

Type  : Fast 1100mV 0C Model Minimum Pulse Width 'detector_tokens:A|counter_neg[0]'
Slack : 4.662
TNS   : 0.000

Type  : Fast 1100mV 0C Model Minimum Pulse Width 'top_spw_ultra_light:SPW|RX_SPW:RX|is_control'
Slack : 4.662
TNS   : 0.000

Type  : Fast 1100mV 0C Model Minimum Pulse Width 'FPGA_CLK1_50'
Slack : 9.040
TNS   : 0.000

Type  : Fast 1100mV 0C Model Minimum Pulse Width 'AXI_INTERFACE|pll_tx|altera_pll_i|cyclonev_pll|counter[1].output_counter|divclk'
Slack : 49.507
TNS   : 0.000

Type  : Fast 1100mV 0C Model Minimum Pulse Width 'AXI_INTERFACE|pll_tx|altera_pll_i|cyclonev_pll|counter[0].output_counter|divclk'
Slack : 99.054
TNS   : 0.000

Type  : Fast 1100mV 0C Model Minimum Pulse Width 'debounce_db:db_system_spwulight_b|PB_state'
Slack : 248.238
TNS   : 0.000

------------------------------------------------------------
