------------------------------------------------------------
TimeQuest Timing Analyzer Summary
------------------------------------------------------------

Type  : Slow 1100mV 85C Model Setup 'FSM_SPW:FSM|state_fsm.connecting'
Slack : -19.786
TNS   : -1073.883

Type  : Slow 1100mV 85C Model Setup 'FSM_SPW:FSM_B|state_fsm.connecting'
Slack : -19.386
TNS   : -1048.337

Type  : Slow 1100mV 85C Model Setup 'AXI_INTERFACE|pll_tx|altera_pll_i|cyclonev_pll|counter[3].output_counter|divclk'
Slack : -9.299
TNS   : -315.414

Type  : Slow 1100mV 85C Model Setup 'AXI_INTERFACE|pll_tx|altera_pll_i|cyclonev_pll|counter[0].output_counter|divclk'
Slack : -9.254
TNS   : -291.918

Type  : Slow 1100mV 85C Model Setup 'AXI_INTERFACE|pll_tx|altera_pll_i|cyclonev_pll|counter[1].output_counter|divclk'
Slack : -8.587
TNS   : -261.236

Type  : Slow 1100mV 85C Model Setup 'FPGA_CLK1_50'
Slack : -4.070
TNS   : -67.366

Type  : Slow 1100mV 85C Model Hold 'AXI_INTERFACE|pll_tx|altera_pll_i|cyclonev_pll|counter[1].output_counter|divclk'
Slack : -0.161
TNS   : -0.479

Type  : Slow 1100mV 85C Model Hold 'AXI_INTERFACE|pll_tx|altera_pll_i|cyclonev_pll|counter[0].output_counter|divclk'
Slack : 0.050
TNS   : 0.000

Type  : Slow 1100mV 85C Model Hold 'FPGA_CLK1_50'
Slack : 0.222
TNS   : 0.000

Type  : Slow 1100mV 85C Model Hold 'FSM_SPW:FSM|state_fsm.connecting'
Slack : 0.320
TNS   : 0.000

Type  : Slow 1100mV 85C Model Hold 'AXI_INTERFACE|pll_tx|altera_pll_i|cyclonev_pll|counter[3].output_counter|divclk'
Slack : 0.376
TNS   : 0.000

Type  : Slow 1100mV 85C Model Hold 'FSM_SPW:FSM_B|state_fsm.connecting'
Slack : 0.748
TNS   : 0.000

Type  : Slow 1100mV 85C Model Recovery 'FSM_SPW:FSM|state_fsm.connecting'
Slack : -4.386
TNS   : -195.001

Type  : Slow 1100mV 85C Model Recovery 'FSM_SPW:FSM_B|state_fsm.connecting'
Slack : -3.099
TNS   : -176.731

Type  : Slow 1100mV 85C Model Recovery 'FPGA_CLK1_50'
Slack : 15.462
TNS   : 0.000

Type  : Slow 1100mV 85C Model Removal 'FPGA_CLK1_50'
Slack : 0.821
TNS   : 0.000

Type  : Slow 1100mV 85C Model Removal 'FSM_SPW:FSM|state_fsm.connecting'
Slack : 1.363
TNS   : 0.000

Type  : Slow 1100mV 85C Model Removal 'FSM_SPW:FSM_B|state_fsm.connecting'
Slack : 1.926
TNS   : 0.000

Type  : Slow 1100mV 85C Model Minimum Pulse Width 'FSM_SPW:FSM_B|state_fsm.connecting'
Slack : 0.648
TNS   : 0.000

Type  : Slow 1100mV 85C Model Minimum Pulse Width 'FSM_SPW:FSM|state_fsm.connecting'
Slack : 0.801
TNS   : 0.000

Type  : Slow 1100mV 85C Model Minimum Pulse Width 'AXI_INTERFACE|pll_tx|altera_pll_i|cyclonev_pll|fpll_0|fpll|vcoph[0]'
Slack : 1.250
TNS   : 0.000

Type  : Slow 1100mV 85C Model Minimum Pulse Width 'AXI_INTERFACE|pll_tx|altera_pll_i|cyclonev_pll|counter[3].output_counter|divclk'
Slack : 4.280
TNS   : 0.000

Type  : Slow 1100mV 85C Model Minimum Pulse Width 'FPGA_CLK1_50'
Slack : 9.194
TNS   : 0.000

Type  : Slow 1100mV 85C Model Minimum Pulse Width 'AXI_INTERFACE|pll_tx|altera_pll_i|cyclonev_pll|counter[1].output_counter|divclk'
Slack : 49.032
TNS   : 0.000

Type  : Slow 1100mV 85C Model Minimum Pulse Width 'AXI_INTERFACE|pll_tx|altera_pll_i|cyclonev_pll|counter[0].output_counter|divclk'
Slack : 98.351
TNS   : 0.000

Type  : Slow 1100mV 0C Model Setup 'FSM_SPW:FSM|state_fsm.connecting'
Slack : -19.290
TNS   : -1034.976

Type  : Slow 1100mV 0C Model Setup 'FSM_SPW:FSM_B|state_fsm.connecting'
Slack : -18.947
TNS   : -1011.407

Type  : Slow 1100mV 0C Model Setup 'AXI_INTERFACE|pll_tx|altera_pll_i|cyclonev_pll|counter[3].output_counter|divclk'
Slack : -8.618
TNS   : -284.853

Type  : Slow 1100mV 0C Model Setup 'AXI_INTERFACE|pll_tx|altera_pll_i|cyclonev_pll|counter[0].output_counter|divclk'
Slack : -8.523
TNS   : -261.742

Type  : Slow 1100mV 0C Model Setup 'AXI_INTERFACE|pll_tx|altera_pll_i|cyclonev_pll|counter[1].output_counter|divclk'
Slack : -7.846
TNS   : -230.600

Type  : Slow 1100mV 0C Model Setup 'FPGA_CLK1_50'
Slack : -3.591
TNS   : -50.160

Type  : Slow 1100mV 0C Model Hold 'AXI_INTERFACE|pll_tx|altera_pll_i|cyclonev_pll|counter[1].output_counter|divclk'
Slack : -0.396
TNS   : -2.323

Type  : Slow 1100mV 0C Model Hold 'AXI_INTERFACE|pll_tx|altera_pll_i|cyclonev_pll|counter[0].output_counter|divclk'
Slack : -0.174
TNS   : -0.573

Type  : Slow 1100mV 0C Model Hold 'FPGA_CLK1_50'
Slack : 0.201
TNS   : 0.000

Type  : Slow 1100mV 0C Model Hold 'AXI_INTERFACE|pll_tx|altera_pll_i|cyclonev_pll|counter[3].output_counter|divclk'
Slack : 0.317
TNS   : 0.000

Type  : Slow 1100mV 0C Model Hold 'FSM_SPW:FSM|state_fsm.connecting'
Slack : 0.318
TNS   : 0.000

Type  : Slow 1100mV 0C Model Hold 'FSM_SPW:FSM_B|state_fsm.connecting'
Slack : 0.747
TNS   : 0.000

Type  : Slow 1100mV 0C Model Recovery 'FSM_SPW:FSM|state_fsm.connecting'
Slack : -4.191
TNS   : -185.192

Type  : Slow 1100mV 0C Model Recovery 'FSM_SPW:FSM_B|state_fsm.connecting'
Slack : -3.054
TNS   : -173.414

Type  : Slow 1100mV 0C Model Recovery 'FPGA_CLK1_50'
Slack : 15.514
TNS   : 0.000

Type  : Slow 1100mV 0C Model Removal 'FPGA_CLK1_50'
Slack : 0.776
TNS   : 0.000

Type  : Slow 1100mV 0C Model Removal 'FSM_SPW:FSM|state_fsm.connecting'
Slack : 1.393
TNS   : 0.000

Type  : Slow 1100mV 0C Model Removal 'FSM_SPW:FSM_B|state_fsm.connecting'
Slack : 2.065
TNS   : 0.000

Type  : Slow 1100mV 0C Model Minimum Pulse Width 'FSM_SPW:FSM_B|state_fsm.connecting'
Slack : 0.773
TNS   : 0.000

Type  : Slow 1100mV 0C Model Minimum Pulse Width 'FSM_SPW:FSM|state_fsm.connecting'
Slack : 0.970
TNS   : 0.000

Type  : Slow 1100mV 0C Model Minimum Pulse Width 'AXI_INTERFACE|pll_tx|altera_pll_i|cyclonev_pll|fpll_0|fpll|vcoph[0]'
Slack : 1.250
TNS   : 0.000

Type  : Slow 1100mV 0C Model Minimum Pulse Width 'AXI_INTERFACE|pll_tx|altera_pll_i|cyclonev_pll|counter[3].output_counter|divclk'
Slack : 4.216
TNS   : 0.000

Type  : Slow 1100mV 0C Model Minimum Pulse Width 'FPGA_CLK1_50'
Slack : 9.265
TNS   : 0.000

Type  : Slow 1100mV 0C Model Minimum Pulse Width 'AXI_INTERFACE|pll_tx|altera_pll_i|cyclonev_pll|counter[1].output_counter|divclk'
Slack : 49.114
TNS   : 0.000

Type  : Slow 1100mV 0C Model Minimum Pulse Width 'AXI_INTERFACE|pll_tx|altera_pll_i|cyclonev_pll|counter[0].output_counter|divclk'
Slack : 98.371
TNS   : 0.000

Type  : Fast 1100mV 85C Model Setup 'FSM_SPW:FSM|state_fsm.connecting'
Slack : -10.119
TNS   : -536.465

Type  : Fast 1100mV 85C Model Setup 'FSM_SPW:FSM_B|state_fsm.connecting'
Slack : -9.765
TNS   : -496.456

Type  : Fast 1100mV 85C Model Setup 'AXI_INTERFACE|pll_tx|altera_pll_i|cyclonev_pll|counter[0].output_counter|divclk'
Slack : -4.725
TNS   : -145.989

Type  : Fast 1100mV 85C Model Setup 'AXI_INTERFACE|pll_tx|altera_pll_i|cyclonev_pll|counter[1].output_counter|divclk'
Slack : -4.377
TNS   : -129.981

Type  : Fast 1100mV 85C Model Setup 'AXI_INTERFACE|pll_tx|altera_pll_i|cyclonev_pll|counter[3].output_counter|divclk'
Slack : -1.958
TNS   : -62.293

Type  : Fast 1100mV 85C Model Setup 'FPGA_CLK1_50'
Slack : -0.940
TNS   : -2.303

Type  : Fast 1100mV 85C Model Hold 'FPGA_CLK1_50'
Slack : 0.137
TNS   : 0.000

Type  : Fast 1100mV 85C Model Hold 'FSM_SPW:FSM|state_fsm.connecting'
Slack : 0.154
TNS   : 0.000

Type  : Fast 1100mV 85C Model Hold 'AXI_INTERFACE|pll_tx|altera_pll_i|cyclonev_pll|counter[3].output_counter|divclk'
Slack : 0.181
TNS   : 0.000

Type  : Fast 1100mV 85C Model Hold 'AXI_INTERFACE|pll_tx|altera_pll_i|cyclonev_pll|counter[1].output_counter|divclk'
Slack : 0.288
TNS   : 0.000

Type  : Fast 1100mV 85C Model Hold 'FSM_SPW:FSM_B|state_fsm.connecting'
Slack : 0.392
TNS   : 0.000

Type  : Fast 1100mV 85C Model Hold 'AXI_INTERFACE|pll_tx|altera_pll_i|cyclonev_pll|counter[0].output_counter|divclk'
Slack : 0.394
TNS   : 0.000

Type  : Fast 1100mV 85C Model Recovery 'FSM_SPW:FSM|state_fsm.connecting'
Slack : -1.048
TNS   : -16.541

Type  : Fast 1100mV 85C Model Recovery 'FSM_SPW:FSM_B|state_fsm.connecting'
Slack : 0.109
TNS   : 0.000

Type  : Fast 1100mV 85C Model Recovery 'FPGA_CLK1_50'
Slack : 17.288
TNS   : 0.000

Type  : Fast 1100mV 85C Model Removal 'FPGA_CLK1_50'
Slack : 0.449
TNS   : 0.000

Type  : Fast 1100mV 85C Model Removal 'FSM_SPW:FSM|state_fsm.connecting'
Slack : 0.845
TNS   : 0.000

Type  : Fast 1100mV 85C Model Removal 'FSM_SPW:FSM_B|state_fsm.connecting'
Slack : 1.000
TNS   : 0.000

Type  : Fast 1100mV 85C Model Minimum Pulse Width 'AXI_INTERFACE|pll_tx|altera_pll_i|cyclonev_pll|fpll_0|fpll|vcoph[0]'
Slack : 1.250
TNS   : 0.000

Type  : Fast 1100mV 85C Model Minimum Pulse Width 'FSM_SPW:FSM_B|state_fsm.connecting'
Slack : 2.328
TNS   : 0.000

Type  : Fast 1100mV 85C Model Minimum Pulse Width 'FSM_SPW:FSM|state_fsm.connecting'
Slack : 2.334
TNS   : 0.000

Type  : Fast 1100mV 85C Model Minimum Pulse Width 'AXI_INTERFACE|pll_tx|altera_pll_i|cyclonev_pll|counter[3].output_counter|divclk'
Slack : 4.540
TNS   : 0.000

Type  : Fast 1100mV 85C Model Minimum Pulse Width 'FPGA_CLK1_50'
Slack : 9.072
TNS   : 0.000

Type  : Fast 1100mV 85C Model Minimum Pulse Width 'AXI_INTERFACE|pll_tx|altera_pll_i|cyclonev_pll|counter[1].output_counter|divclk'
Slack : 49.282
TNS   : 0.000

Type  : Fast 1100mV 85C Model Minimum Pulse Width 'AXI_INTERFACE|pll_tx|altera_pll_i|cyclonev_pll|counter[0].output_counter|divclk'
Slack : 98.910
TNS   : 0.000

Type  : Fast 1100mV 0C Model Setup 'FSM_SPW:FSM|state_fsm.connecting'
Slack : -8.730
TNS   : -447.791

Type  : Fast 1100mV 0C Model Setup 'FSM_SPW:FSM_B|state_fsm.connecting'
Slack : -8.485
TNS   : -415.820

Type  : Fast 1100mV 0C Model Setup 'AXI_INTERFACE|pll_tx|altera_pll_i|cyclonev_pll|counter[0].output_counter|divclk'
Slack : -3.321
TNS   : -87.120

Type  : Fast 1100mV 0C Model Setup 'AXI_INTERFACE|pll_tx|altera_pll_i|cyclonev_pll|counter[1].output_counter|divclk'
Slack : -2.996
TNS   : -72.170

Type  : Fast 1100mV 0C Model Setup 'AXI_INTERFACE|pll_tx|altera_pll_i|cyclonev_pll|counter[3].output_counter|divclk'
Slack : -0.709
TNS   : -12.885

Type  : Fast 1100mV 0C Model Setup 'FPGA_CLK1_50'
Slack : -0.230
TNS   : -0.306

Type  : Fast 1100mV 0C Model Hold 'AXI_INTERFACE|pll_tx|altera_pll_i|cyclonev_pll|counter[1].output_counter|divclk'
Slack : -0.010
TNS   : -0.028

Type  : Fast 1100mV 0C Model Hold 'AXI_INTERFACE|pll_tx|altera_pll_i|cyclonev_pll|counter[0].output_counter|divclk'
Slack : 0.086
TNS   : 0.000

Type  : Fast 1100mV 0C Model Hold 'FPGA_CLK1_50'
Slack : 0.120
TNS   : 0.000

Type  : Fast 1100mV 0C Model Hold 'FSM_SPW:FSM|state_fsm.connecting'
Slack : 0.140
TNS   : 0.000

Type  : Fast 1100mV 0C Model Hold 'AXI_INTERFACE|pll_tx|altera_pll_i|cyclonev_pll|counter[3].output_counter|divclk'
Slack : 0.172
TNS   : 0.000

Type  : Fast 1100mV 0C Model Hold 'FSM_SPW:FSM_B|state_fsm.connecting'
Slack : 0.360
TNS   : 0.000

Type  : Fast 1100mV 0C Model Recovery 'FSM_SPW:FSM|state_fsm.connecting'
Slack : -0.549
TNS   : -3.996

Type  : Fast 1100mV 0C Model Recovery 'FSM_SPW:FSM_B|state_fsm.connecting'
Slack : 0.406
TNS   : 0.000

Type  : Fast 1100mV 0C Model Recovery 'FPGA_CLK1_50'
Slack : 17.570
TNS   : 0.000

Type  : Fast 1100mV 0C Model Removal 'FPGA_CLK1_50'
Slack : 0.404
TNS   : 0.000

Type  : Fast 1100mV 0C Model Removal 'FSM_SPW:FSM|state_fsm.connecting'
Slack : 0.849
TNS   : 0.000

Type  : Fast 1100mV 0C Model Removal 'FSM_SPW:FSM_B|state_fsm.connecting'
Slack : 1.051
TNS   : 0.000

Type  : Fast 1100mV 0C Model Minimum Pulse Width 'AXI_INTERFACE|pll_tx|altera_pll_i|cyclonev_pll|fpll_0|fpll|vcoph[0]'
Slack : 1.250
TNS   : 0.000

Type  : Fast 1100mV 0C Model Minimum Pulse Width 'FSM_SPW:FSM_B|state_fsm.connecting'
Slack : 2.599
TNS   : 0.000

Type  : Fast 1100mV 0C Model Minimum Pulse Width 'FSM_SPW:FSM|state_fsm.connecting'
Slack : 2.601
TNS   : 0.000

Type  : Fast 1100mV 0C Model Minimum Pulse Width 'AXI_INTERFACE|pll_tx|altera_pll_i|cyclonev_pll|counter[3].output_counter|divclk'
Slack : 4.532
TNS   : 0.000

Type  : Fast 1100mV 0C Model Minimum Pulse Width 'FPGA_CLK1_50'
Slack : 9.037
TNS   : 0.000

Type  : Fast 1100mV 0C Model Minimum Pulse Width 'AXI_INTERFACE|pll_tx|altera_pll_i|cyclonev_pll|counter[1].output_counter|divclk'
Slack : 49.378
TNS   : 0.000

Type  : Fast 1100mV 0C Model Minimum Pulse Width 'AXI_INTERFACE|pll_tx|altera_pll_i|cyclonev_pll|counter[0].output_counter|divclk'
Slack : 99.019
TNS   : 0.000

------------------------------------------------------------
